---
source: crates/ui/tests/snapshots.rs
expression: "both(p, q)"
---
### plain
--- html
<b>Заявка <code>A1B2C3D4E5</code> · на ручной проверке</b>
<blockquote>Создана: <tg-time unix="1791376200" format="dt">07.10.2026 15:30 МСК</tg-time>
Направление: CryptoBot → xRocket
Получено: <code>100.00 USDT</code>
Комиссия: <code>2.50 USDT</code></blockquote>
--- rich
<h3>Заявка <code>A1B2C3D4E5</code> · на ручной проверке</h3>
<table compact>
<tr><td>Создана</td><td><tg-time unix="1791376200" format="dt">07.10.2026 15:30 МСК</tg-time></td></tr>
<tr><td>Направление</td><td>CryptoBot → xRocket</td></tr>
<tr><td>Получено</td><td><code>100.00 USDT</code></td></tr>
<tr><td>Комиссия</td><td><code>2.50 USDT</code></td></tr>
</table>
--- keyboard: inline
[{"copy_text":{"text":"A1B2C3D4E5"},"text":"📋 Номер заявки"},{"callback_data":"support:A1B2C3D4E5","text":"💬 Вопрос по заявке"}]

### premium
--- html
<b>Заявка <code>A1B2C3D4E5</code> · на ручной проверке</b>
<blockquote>Создана: <tg-time unix="1791376200" format="dt">07.10.2026 15:30 МСК</tg-time>
Направление: CryptoBot → xRocket
Получено: <code>100.00 USDT</code>
Комиссия: <code>2.50 USDT</code></blockquote>
--- rich
<h3>Заявка <code>A1B2C3D4E5</code> · на ручной проверке</h3>
<table compact>
<tr><td>Создана</td><td><tg-time unix="1791376200" format="dt">07.10.2026 15:30 МСК</tg-time></td></tr>
<tr><td>Направление</td><td>CryptoBot → xRocket</td></tr>
<tr><td>Получено</td><td><code>100.00 USDT</code></td></tr>
<tr><td>Комиссия</td><td><code>2.50 USDT</code></td></tr>
</table>
--- keyboard: inline
[{"copy_text":{"text":"A1B2C3D4E5"},"icon_custom_emoji_id":"5368000000000000013","text":"Номер заявки"},{"callback_data":"support:A1B2C3D4E5","icon_custom_emoji_id":"5368000000000000010","text":"Вопрос по заявке"}]
